// Jest Snapshot v1, https://goo.gl/fbAQLP

exports[`<StepsWizard /> renders correctly with props 1`] = `
.c2 {
  margin: 1rem;
  min-width: 15rem;
  padding: 1.5rem 2.5rem;
  border-radius: 0.4rem;
  font-size: 1.6rem;
  font-weight: bold;
  border: yellow;
  background-color: #ffa500;
  color: #fff;
  opacity: 0.3;
  cursor: default;
}

.c3 {
  margin: 1rem;
  min-width: 15rem;
  padding: 1.5rem 2.5rem;
  border-radius: 0.4rem;
  font-size: 1.6rem;
  font-weight: bold;
  border: yellow;
  background-color: #FF6347;
  color: #fff;
}

.c3:hover {
  background-color: #fff;
  color: #FF6347;
}

.c0 {
  max-width: 70rem;
  width: 100%;
  margin-top: 2rem 0;
}

.c1 {
  display: -webkit-box;
  display: -webkit-flex;
  display: -ms-flexbox;
  display: flex;
  -webkit-flex-direction: column;
  -ms-flex-direction: column;
  flex-direction: column;
  -webkit-align-items: stretch;
  -webkit-box-align: stretch;
  -ms-flex-align: stretch;
  align-items: stretch;
  margin-bottom: 4rem;
}

@media (min-width:450px) {
  .c1 {
    -webkit-flex-direction: row;
    -ms-flex-direction: row;
    flex-direction: row;
    -webkit-box-pack: center;
    -webkit-justify-content: center;
    -ms-flex-pack: center;
    justify-content: center;
  }
}

<div>
  <div
    class="c0"
  >
    <div
      class="c1"
    >
      <button
        class="c2"
        disabled=""
      >
        Previous
      </button>
      <button
        class="c3"
      >
        Next
      </button>
    </div>
    <div
      data-testid="step"
    >
      Step 1
    </div>
  </div>
</div>
`
